// Jest Snapshot v1, https://goo.gl/fbAQLP

exports[`CostumSlider Snapshot testing should have same snapshot 1`] = `
ShallowWrapper {
  Symbol(enzyme.__root__): [Circular],
  Symbol(enzyme.__unrendered__): <CustomSlider
    navigation={
      Object {
        "goBack": [MockFunction],
        "navigate": [MockFunction],
      }
    }
    onPress={[MockFunction]}
    store={
      Object {
        "clearActions": [Function],
        "dispatch": [Function],
        "getActions": [Function],
        "getState": [Function],
        "replaceReducer": [Function],
        "subscribe": [Function],
      }
    }
    storeSubscription={
      Subscription {
        "listeners": Object {
          "clear": [Function],
          "get": [Function],
          "notify": [Function],
          "subscribe": [Function],
        },
        "onStateChange": [Function],
        "parentSub": undefined,
        "store": Object {
          "clearActions": [Function],
          "dispatch": [Function],
          "getActions": [Function],
          "getState": [Function],
          "replaceReducer": [Function],
          "subscribe": [Function],
        },
        "unsubscribe": [Function],
      }
    }
  />,
  Symbol(enzyme.__renderer__): Object {
    "batchedUpdates": [Function],
    "getNode": [Function],
    "render": [Function],
    "simulateError": [Function],
    "simulateEvent": [Function],
    "unmount": [Function],
  },
  Symbol(enzyme.__node__): Object {
    "instance": null,
    "key": undefined,
    "nodeType": "class",
    "props": Object {
      "children": Array [
        <Component
          style={
            Object {
              "flexDirection": "row",
              "position": "absolute",
            }
          }
        >
          <Component
            style={
              Object {
                "backgroundColor": "#d3d3d3",
                "borderRadius": 43.47826086956522,
                "height": 26.086956521739133,
                "position": "absolute",
                "width": 260.8695652173913,
              }
            }
          />
          <Component
            style={
              Object {
                "backgroundColor": "#119EC2",
                "height": 26.086956521739133,
                "width": 0,
              }
            }
          />
        </Component>,
        <ForwardRef(Slider)
          disabled={false}
          maximumTrackTintColor="transparent"
          maximumValue={50}
          minimumTrackTintColor="transparent"
          minimumValue={0}
          onValueChange={[Function]}
          step={0}
          style={
            Object {
              "borderRadius": 43.47826086956522,
              "height": 26.086956521739133,
              "width": 260.8695652173913,
            }
          }
          value={0}
        />,
      ],
      "style": Object {
        "borderRadius": 43.47826086956522,
        "overflow": "hidden",
      },
    },
    "ref": null,
    "rendered": Array [
      Object {
        "instance": null,
        "key": undefined,
        "nodeType": "class",
        "props": Object {
          "children": Array [
            <Component
              style={
                Object {
                  "backgroundColor": "#d3d3d3",
                  "borderRadius": 43.47826086956522,
                  "height": 26.086956521739133,
                  "position": "absolute",
                  "width": 260.8695652173913,
                }
              }
            />,
            <Component
              style={
                Object {
                  "backgroundColor": "#119EC2",
                  "height": 26.086956521739133,
                  "width": 0,
                }
              }
            />,
          ],
          "style": Object {
            "flexDirection": "row",
            "position": "absolute",
          },
        },
        "ref": null,
        "rendered": Array [
          Object {
            "instance": null,
            "key": undefined,
            "nodeType": "class",
            "props": Object {
              "style": Object {
                "backgroundColor": "#d3d3d3",
                "borderRadius": 43.47826086956522,
                "height": 26.086956521739133,
                "position": "absolute",
                "width": 260.8695652173913,
              },
            },
            "ref": null,
            "rendered": null,
            "type": [Function],
          },
          Object {
            "instance": null,
            "key": undefined,
            "nodeType": "class",
            "props": Object {
              "style": Object {
                "backgroundColor": "#119EC2",
                "height": 26.086956521739133,
                "width": 0,
              },
            },
            "ref": null,
            "rendered": null,
            "type": [Function],
          },
        ],
        "type": [Function],
      },
      Object {
        "instance": null,
        "key": undefined,
        "nodeType": "function",
        "props": Object {
          "disabled": false,
          "maximumTrackTintColor": "transparent",
          "maximumValue": 50,
          "minimumTrackTintColor": "transparent",
          "minimumValue": 0,
          "onValueChange": [Function],
          "step": 0,
          "style": Object {
            "borderRadius": 43.47826086956522,
            "height": 26.086956521739133,
            "width": 260.8695652173913,
          },
          "value": 0,
        },
        "ref": null,
        "rendered": null,
        "type": Object {
          "$$typeof": Symbol(react.forward_ref),
          "defaultProps": Object {
            "disabled": false,
            "maximumValue": 1,
            "minimumValue": 0,
            "step": 0,
            "value": 0,
          },
          "displayName": "Slider",
          "render": [Function],
        },
      },
    ],
    "type": [Function],
  },
  Symbol(enzyme.__nodes__): Array [
    Object {
      "instance": null,
      "key": undefined,
      "nodeType": "class",
      "props": Object {
        "children": Array [
          <Component
            style={
              Object {
                "flexDirection": "row",
                "position": "absolute",
              }
            }
          >
            <Component
              style={
                Object {
                  "backgroundColor": "#d3d3d3",
                  "borderRadius": 43.47826086956522,
                  "height": 26.086956521739133,
                  "position": "absolute",
                  "width": 260.8695652173913,
                }
              }
            />
            <Component
              style={
                Object {
                  "backgroundColor": "#119EC2",
                  "height": 26.086956521739133,
                  "width": 0,
                }
              }
            />
          </Component>,
          <ForwardRef(Slider)
            disabled={false}
            maximumTrackTintColor="transparent"
            maximumValue={50}
            minimumTrackTintColor="transparent"
            minimumValue={0}
            onValueChange={[Function]}
            step={0}
            style={
              Object {
                "borderRadius": 43.47826086956522,
                "height": 26.086956521739133,
                "width": 260.8695652173913,
              }
            }
            value={0}
          />,
        ],
        "style": Object {
          "borderRadius": 43.47826086956522,
          "overflow": "hidden",
        },
      },
      "ref": null,
      "rendered": Array [
        Object {
          "instance": null,
          "key": undefined,
          "nodeType": "class",
          "props": Object {
            "children": Array [
              <Component
                style={
                  Object {
                    "backgroundColor": "#d3d3d3",
                    "borderRadius": 43.47826086956522,
                    "height": 26.086956521739133,
                    "position": "absolute",
                    "width": 260.8695652173913,
                  }
                }
              />,
              <Component
                style={
                  Object {
                    "backgroundColor": "#119EC2",
                    "height": 26.086956521739133,
                    "width": 0,
                  }
                }
              />,
            ],
            "style": Object {
              "flexDirection": "row",
              "position": "absolute",
            },
          },
          "ref": null,
          "rendered": Array [
            Object {
              "instance": null,
              "key": undefined,
              "nodeType": "class",
              "props": Object {
                "style": Object {
                  "backgroundColor": "#d3d3d3",
                  "borderRadius": 43.47826086956522,
                  "height": 26.086956521739133,
                  "position": "absolute",
                  "width": 260.8695652173913,
                },
              },
              "ref": null,
              "rendered": null,
              "type": [Function],
            },
            Object {
              "instance": null,
              "key": undefined,
              "nodeType": "class",
              "props": Object {
                "style": Object {
                  "backgroundColor": "#119EC2",
                  "height": 26.086956521739133,
                  "width": 0,
                },
              },
              "ref": null,
              "rendered": null,
              "type": [Function],
            },
          ],
          "type": [Function],
        },
        Object {
          "instance": null,
          "key": undefined,
          "nodeType": "function",
          "props": Object {
            "disabled": false,
            "maximumTrackTintColor": "transparent",
            "maximumValue": 50,
            "minimumTrackTintColor": "transparent",
            "minimumValue": 0,
            "onValueChange": [Function],
            "step": 0,
            "style": Object {
              "borderRadius": 43.47826086956522,
              "height": 26.086956521739133,
              "width": 260.8695652173913,
            },
            "value": 0,
          },
          "ref": null,
          "rendered": null,
          "type": Object {
            "$$typeof": Symbol(react.forward_ref),
            "defaultProps": Object {
              "disabled": false,
              "maximumValue": 1,
              "minimumValue": 0,
              "step": 0,
              "value": 0,
            },
            "displayName": "Slider",
            "render": [Function],
          },
        },
      ],
      "type": [Function],
    },
  ],
  Symbol(enzyme.__options__): Object {
    "adapter": ReactSixteenAdapter {
      "options": Object {
        "enableComponentDidUpdateOnSetState": true,
        "lifecycles": Object {
          "componentDidUpdate": Object {
            "onSetState": true,
          },
          "getDerivedStateFromProps": true,
          "getSnapshotBeforeUpdate": true,
          "setState": Object {
            "skipsComponentDidUpdateOnNullish": true,
          },
        },
      },
    },
  },
}
`;
